SQL> 
SQL> drop table UTILISATEUR cascade constraint;

Table supprimée.

SQL> drop table PARCOURS_SCOLAIRE cascade constraint;

Table supprimée.

SQL> drop table SUIVRE cascade constraint;
drop table SUIVRE cascade constraint
           *
ERREUR à la ligne 1 :
ORA-00942: Table ou vue inexistante 


SQL> drop table POSSEDER cascade constraint;
drop table POSSEDER cascade constraint
           *
ERREUR à la ligne 1 :
ORA-00942: Table ou vue inexistante 


SQL> drop table COMPETENCE_CLES cascade constraint;
drop table COMPETENCE_CLES cascade constraint
           *
ERREUR à la ligne 1 :
ORA-00942: Table ou vue inexistante 


SQL> drop table EXPERIENCE_PRO cascade constraint;

Table supprimée.

SQL> drop table EFFECTUER cascade constraint;
drop table EFFECTUER cascade constraint
           *
ERREUR à la ligne 1 :
ORA-00942: Table ou vue inexistante 


SQL> drop table AVOIR cascade constraint;
drop table AVOIR cascade constraint
           *
ERREUR à la ligne 1 :
ORA-00942: Table ou vue inexistante 


SQL> drop table COMPETENCES_LANG cascade constraint;
drop table COMPETENCES_LANG cascade constraint
           *
ERREUR à la ligne 1 :
ORA-00942: Table ou vue inexistante 


SQL> 
SQL> create table UTILISATEUR(
  2    ID_UTI integer not null,
  3    NOM_UTI varchar2(30) not null,
  4    PRENOM_UTI varchar2(15) null,
  5    ADRESSE_UTI char(50) not null,
  6    VILLE_UTI char(20) not null,
  7    CODEPOSTAL_UTI number(5) not null,
  8    PAYS_UTI char(15) not null,
  9    MAIL_UTI varchar2(20) not null,
 10    TEL_UTI number(10) not null,
 11    constraint pk_utilisateur primary key(ID_UTI)
 12  );

Table créée.

SQL> 
SQL> create table PARCOURS_SCOLAIRE (
  2    ID_SCOLAIRE integer not null,
  3    NOM_ECOLE varchar2(20) not null,
  4    DATE_DEBUT_SCOLARITE date not null,
  5    DATE_FIN_SCOLARITE date null,
  6    DIPLOME varchar2(30) null,
  7    constraint pk_scolaire primary key(ID_SCOLAIRE)
  8  );

Table créée.

SQL> 
SQL> create table EXPERIENCE_PRO(
  2    ID_EXP integer not null,
  3    POSTE_EXP varchar2(20) not null,
  4    NOM_ENTREPRISE varchar2(20) not null,
  5    DATE_DEBUT_EXP date not null,
  6    DATE_FIN_EXP date null,
  7    FONCTION_EXP varchar2(150) not null,
  8    constraint pk_experience primary key(ID_EXP)
  9  );

Table créée.

SQL> 
SQL> create table COMPETENCE_CLES(
  2    ID_COMP_CLES integer not null,
  3    NOM_CLES varchar2(15) not null,
  4    NIVEAU_CLES number(3) not null,
  5    CERTIFICATION_CLES varchar2(20) null,
  6    constraint pk_competences_cles primary key(ID_COMP_CLES)
  7  );

Table créée.

SQL> 
SQL> create table COMPETENCES_LANG(
  2    ID_LANG integer not null,
  3    NOM_LANG varchar2(15) not null,
  4    NIVEAU_LANG number(3) not null,
  5    CERTIFICATION_LANG varchar2(20) null,
  6    constraint pk_competences_lang primary key(ID_LANG)
  7  );

Table créée.

SQL> 
SQL> create table SUIVRE(
  2  	 ID_SCOLAIRE integer not null,
  3  	 ID_UTI integer not null,
  4  	 constraint pk_suivre primary key(ID_SCOLAIRE,ID_UTI),
  5  	 constraint fk_suivre foreign key(ID_SCOLAIRE)
  6  	 references PARCOURS_SCOLAIRE(ID_SCOLAIRE),
  7  	 constraint fk_suivrebis foreign key(ID_UTI)
  8  	 references UTILISATEUR(ID_UTI)
  9  );

Table créée.

SQL> 
SQL> create table POSSEDER(
  2  	 ID_UTI integer not null,
  3  	 ID_COMP_CLES integer not null,
  4  	 constraint pk_posseder primary key(ID_UTI,ID_COMP_CLES),
  5  	 constraint fk_posseder foreign key(ID_UTI)
  6  	 references UTILISATEUR(ID_UTI),
  7  	 constraint fk_possederbis foreign key(ID_COMP_CLES)
  8  	 references COMPETENCE_CLES(ID_COMP_CLES)
  9  );

Table créée.

SQL> 
SQL> create table AVOIR(
  2  	 ID_UTI integer not null,
  3  	 ID_LANG integer not null,
  4  	 constraint pk_avoir primary key(ID_UTI,ID_LANG),
  5  	 constraint fk_avoir foreign key(ID_UTI)
  6  	 references UTILISATEUR(ID_UTI),
  7  	 constraint fk_avoirbis foreign key(ID_UTI)
  8  	 references COMPETENCES_LANG(ID_LANG)
  9  );

Table créée.

SQL> 
SQL> create table EFFECTUER(
  2  	 ID_EXP integer not null,
  3  	 ID_UTI integer not null,
  4  	 constraint pk_effectuer primary key(ID_EXP,ID_UTI),
  5  	 constraint fk_effectuer foreign key(ID_EXP)
  6  	 references EXPERIENCE_PRO(ID_EXP),
  7  	 constraint fk_effectuerbis foreign key(ID_UTI)
  8  	 references UTILISATEUR(ID_UTI)
  9  );

Table créée.

SQL> 
SQL> SPOOL off;
